// Jest Snapshot v1, https://goo.gl/fbAQLP

exports[`choose exercises component renders selections 1`] = `
.c5 {
  margin-right: 0.5rem;
  margin-left: 0.5rem;
}

.c6 {
  font-weight: 700;
  color: #424242;
}

.c7 {
  display: inline-block;
}

.c1 {
  max-width: 1200px;
  margin: auto;
}

.c8 {
  display: -webkit-box;
  display: -webkit-flex;
  display: -ms-flexbox;
  display: flex;
  height: 2.5rem;
  -webkit-align-items: center;
  -webkit-box-align: center;
  -ms-flex-align: center;
  align-items: center;
  margin-left: 0.5rem;
  cursor: pointer;
  font-size: 1.5rem;
  border-bottom: 1px solid #f1f1f1;
}

.c8 > * {
  margin-left: 1rem;
}

.c8 input {
  font-size: 1.7rem;
  margin-left: 1.2rem;
}

.c4 {
  display: -webkit-box;
  display: -webkit-flex;
  display: -ms-flexbox;
  display: flex;
  height: 3.5rem;
  -webkit-align-items: center;
  -webkit-box-align: center;
  -ms-flex-align: center;
  align-items: center;
  cursor: pointer;
  font-size: 1.7rem;
  border-bottom: 1px solid #f1f1f1;
}

.c4 > * {
  margin-left: 1rem;
}

.c4 .chapter-title {
  -webkit-flex: 1;
  -ms-flex: 1;
  flex: 1;
}

.c3 .browse-the-book {
  font-size: 1.4rem;
  margin-right: 2rem;
}

.c2 {
  border: 1px solid #f1f1f1;
  border-radius: 4px;
}

.c0 {
  margin: 4rem auto;
}

<div
  className="openstax-debug-content"
>
  <div
    data-purpose="tour-conductor-wrapper"
  >
    <div>
      <div
        className="homework-plan-exercise-select-sections"
      >
        <div
          className="homework-plan-select-sections c0"
          data-tour-region-id="add-homework-choose-sections"
        >
          <div
            className="dialog default-dialog select-sections c1 card"
          >
            <div
              className="card-header"
            >
              Add Questions
              <button
                className="openstax-close-x close"
                onClick={[Function]}
              />
            </div>
            <div
              className="select-chapters"
            >
              <div
                className="c2"
              >
                <div
                  className="chapter c3"
                  data-is-expanded={true}
                >
                  <div
                    className="c4"
                    data-chapter-section={1}
                    onClick={[Function]}
                    role="button"
                  >
                    <span
                      className="chapter-checkbox"
                    >
                      <span
                        className="tri-state-checkbox unchecked"
                        onClick={[Function]}
                        tabIndex={1}
                      >
                        <button
                          className="ox-icon-square btn btn-plain"
                          disabled={false}
                          onClick={[Function]}
                          type="button"
                        >
                          <svg
                            aria-hidden="true"
                            className="svg-inline--fa fa-square fa-w-14 ox-icon ox-icon-square c5"
                            color="#929292"
                            data-icon="square"
                            data-prefix="far"
                            focusable="false"
                            role="img"
                            style={
                              Object {
                                "cursor": "pointer",
                              }
                            }
                            viewBox="0 0 448 512"
                            xmlns="http://www.w3.org/2000/svg"
                          >
                            <path
                              d="M400 32H48C21.5 32 0 53.5 0 80v352c0 26.5 21.5 48 48 48h352c26.5 0 48-21.5 48-48V80c0-26.5-21.5-48-48-48zm-6 400H54c-3.3 0-6-2.7-6-6V86c0-3.3 2.7-6 6-6h340c3.3 0 6 2.7 6 6v340c0 3.3-2.7 6-6 6z"
                              fill="currentColor"
                              style={Object {}}
                            />
                          </svg>
                        </button>
                      </span>
                    </span>
                    <span
                      className="chapter-number"
                    >
                      Chapter 
                      <span
                        className="chapter-section c6"
                        data-chapter-section="1.0"
                      >
                        1
                      </span>
                       - 
                    </span>
                    <div
                      className="chapter-title c7"
                      dangerouslySetInnerHTML={
                        Object {
                          "__html": "Kinematics",
                        }
                      }
                    />
                    <a
                      aria-label="Browse course reference book"
                      className="browse-the-book"
                      href="/book/1/page/234"
                      onClick={[Function]}
                      target="_blank"
                    >
                      Browse this Chapter
                    </a>
                  </div>
                  <div
                    aria-expanded={null}
                    className="sections collapse show"
                  >
                    <div
                      className="section c8"
                      data-section-id="234"
                      onClick={[Function]}
                    >
                      <span
                        className="section-checkbox"
                      >
                        <input
                          checked={false}
                          readOnly={true}
                          type="checkbox"
                        />
                      </span>
                      <span
                        className="chapter-section c6"
                        data-chapter-section="1.1"
                      >
                        1.1
                      </span>
                      <div
                        className="section-title c7"
                        dangerouslySetInnerHTML={
                          Object {
                            "__html": "Kinematics in 1 dim",
                          }
                        }
                      />
                    </div>
                    <div
                      className="section c8"
                      data-section-id="235"
                      onClick={[Function]}
                    >
                      <span
                        className="section-checkbox"
                      >
                        <input
                          checked={false}
                          readOnly={true}
                          type="checkbox"
                        />
                      </span>
                      <span
                        className="chapter-section c6"
                        data-chapter-section="1.2"
                      >
                        1.2
                      </span>
                      <div
                        className="section-title c7"
                        dangerouslySetInnerHTML={
                          Object {
                            "__html": "Kinematics in 2 dim",
                          }
                        }
                      />
                    </div>
                    <div
                      className="section c8"
                      data-section-id="236"
                      onClick={[Function]}
                    >
                      <span
                        className="section-checkbox"
                      >
                        <input
                          checked={false}
                          readOnly={true}
                          type="checkbox"
                        />
                      </span>
                      <span
                        className="chapter-section c6"
                        data-chapter-section="1.3"
                      >
                        1.3
                      </span>
                      <div
                        className="section-title c7"
                        dangerouslySetInnerHTML={
                          Object {
                            "__html": "Kinematics in 3 dim",
                          }
                        }
                      />
                    </div>
                  </div>
                </div>
                <div
                  className="chapter c3"
                  data-is-expanded={true}
                >
                  <div
                    className="c4"
                    data-chapter-section={2}
                    onClick={[Function]}
                    role="button"
                  >
                    <span
                      className="chapter-checkbox"
                    >
                      <span
                        className="tri-state-checkbox checked"
                        onClick={[Function]}
                        tabIndex={1}
                      >
                        <button
                          className="ox-icon-check-square-solid btn btn-plain"
                          disabled={false}
                          onClick={[Function]}
                          type="button"
                        >
                          <svg
                            aria-hidden="true"
                            className="svg-inline--fa fa-check-square fa-w-14 ox-icon ox-icon-check-square-solid c5"
                            color="#4b89f5"
                            data-icon="check-square"
                            data-prefix="fas"
                            focusable="false"
                            role="img"
                            style={
                              Object {
                                "cursor": "pointer",
                              }
                            }
                            viewBox="0 0 448 512"
                            xmlns="http://www.w3.org/2000/svg"
                          >
                            <path
                              d="M400 480H48c-26.51 0-48-21.49-48-48V80c0-26.51 21.49-48 48-48h352c26.51 0 48 21.49 48 48v352c0 26.51-21.49 48-48 48zm-204.686-98.059l184-184c6.248-6.248 6.248-16.379 0-22.627l-22.627-22.627c-6.248-6.248-16.379-6.249-22.628 0L184 302.745l-70.059-70.059c-6.248-6.248-16.379-6.248-22.628 0l-22.627 22.627c-6.248 6.248-6.248 16.379 0 22.627l104 104c6.249 6.25 16.379 6.25 22.628.001z"
                              fill="currentColor"
                              style={Object {}}
                            />
                          </svg>
                        </button>
                      </span>
                    </span>
                    <span
                      className="chapter-number"
                    >
                      Chapter 
                      <span
                        className="chapter-section c6"
                        data-chapter-section="2.0"
                      >
                        2
                      </span>
                       - 
                    </span>
                    <div
                      className="chapter-title c7"
                      dangerouslySetInnerHTML={
                        Object {
                          "__html": "Mechanics",
                        }
                      }
                    />
                    <a
                      aria-label="Browse course reference book"
                      className="browse-the-book"
                      href="/book/1/page/237"
                      onClick={[Function]}
                      target="_blank"
                    >
                      Browse this Chapter
                    </a>
                  </div>
                  <div
                    aria-expanded={null}
                    className="sections collapse show"
                  >
                    <div
                      className="section selected c8"
                      data-section-id="237"
                      onClick={[Function]}
                    >
                      <span
                        className="section-checkbox"
                      >
                        <input
                          checked={true}
                          readOnly={true}
                          type="checkbox"
                        />
                      </span>
                      <span
                        className="chapter-section c6"
                        data-chapter-section="2.1"
                      >
                        2.1
                      </span>
                      <div
                        className="section-title c7"
                        dangerouslySetInnerHTML={
                          Object {
                            "__html": "Mechanics in 1 dim",
                          }
                        }
                      />
                    </div>
                    <div
                      className="section selected c8"
                      data-section-id="238"
                      onClick={[Function]}
                    >
                      <span
                        className="section-checkbox"
                      >
                        <input
                          checked={true}
                          readOnly={true}
                          type="checkbox"
                        />
                      </span>
                      <span
                        className="chapter-section c6"
                        data-chapter-section="2.2"
                      >
                        2.2
                      </span>
                      <div
                        className="section-title c7"
                        dangerouslySetInnerHTML={
                          Object {
                            "__html": "Mechanics in 2 dim",
                          }
                        }
                      />
                    </div>
                    <div
                      className="section selected c8"
                      data-section-id="239"
                      onClick={[Function]}
                    >
                      <span
                        className="section-checkbox"
                      >
                        <input
                          checked={true}
                          readOnly={true}
                          type="checkbox"
                        />
                      </span>
                      <span
                        className="chapter-section c6"
                        data-chapter-section="2.3"
                      >
                        2.3
                      </span>
                      <div
                        className="section-title c7"
                        dangerouslySetInnerHTML={
                          Object {
                            "__html": "Mechanics in 3 dim",
                          }
                        }
                      />
                    </div>
                  </div>
                </div>
                <div
                  className="chapter c3"
                  data-is-expanded={false}
                >
                  <div
                    className="c4"
                    data-chapter-section={3}
                    onClick={[Function]}
                    role="button"
                  >
                    <span
                      className="chapter-checkbox"
                    >
                      <span
                        className="tri-state-checkbox unchecked"
                        onClick={[Function]}
                        tabIndex={1}
                      >
                        <button
                          className="ox-icon-square btn btn-plain"
                          disabled={false}
                          onClick={[Function]}
                          type="button"
                        >
                          <svg
                            aria-hidden="true"
                            className="svg-inline--fa fa-square fa-w-14 ox-icon ox-icon-square c5"
                            color="#929292"
                            data-icon="square"
                            data-prefix="far"
                            focusable="false"
                            role="img"
                            style={
                              Object {
                                "cursor": "pointer",
                              }
                            }
                            viewBox="0 0 448 512"
                            xmlns="http://www.w3.org/2000/svg"
                          >
                            <path
                              d="M400 32H48C21.5 32 0 53.5 0 80v352c0 26.5 21.5 48 48 48h352c26.5 0 48-21.5 48-48V80c0-26.5-21.5-48-48-48zm-6 400H54c-3.3 0-6-2.7-6-6V86c0-3.3 2.7-6 6-6h340c3.3 0 6 2.7 6 6v340c0 3.3-2.7 6-6 6z"
                              fill="currentColor"
                              style={Object {}}
                            />
                          </svg>
                        </button>
                      </span>
                    </span>
                    <span
                      className="chapter-number"
                    >
                      Chapter 
                      <span
                        className="chapter-section c6"
                        data-chapter-section="3.0"
                      >
                        3
                      </span>
                       - 
                    </span>
                    <div
                      className="chapter-title c7"
                      dangerouslySetInnerHTML={
                        Object {
                          "__html": "Thermodynamics",
                        }
                      }
                    />
                    <a
                      aria-label="Browse course reference book"
                      className="browse-the-book"
                      href="/book/1/page/240"
                      onClick={[Function]}
                      target="_blank"
                    >
                      Browse this Chapter
                    </a>
                  </div>
                  <div
                    aria-expanded={null}
                    className="sections collapse"
                  >
                    <div
                      className="section c8"
                      data-section-id="240"
                      onClick={[Function]}
                    >
                      <span
                        className="section-checkbox"
                      >
                        <input
                          checked={false}
                          readOnly={true}
                          type="checkbox"
                        />
                      </span>
                      <span
                        className="chapter-section c6"
                        data-chapter-section="3.1"
                      >
                        3.1
                      </span>
                      <div
                        className="section-title c7"
                        dangerouslySetInnerHTML={
                          Object {
                            "__html": "Thermodynamics in 1 dim",
                          }
                        }
                      />
                    </div>
                    <div
                      className="section c8"
                      data-section-id="241"
                      onClick={[Function]}
                    >
                      <span
                        className="section-checkbox"
                      >
                        <input
                          checked={false}
                          readOnly={true}
                          type="checkbox"
                        />
                      </span>
                      <span
                        className="chapter-section c6"
                        data-chapter-section="3.2"
                      >
                        3.2
                      </span>
                      <div
                        className="section-title c7"
                        dangerouslySetInnerHTML={
                          Object {
                            "__html": "Thermodynamics in 2 dim",
                          }
                        }
                      />
                    </div>
                    <div
                      className="section c8"
                      data-section-id="242"
                      onClick={[Function]}
                    >
                      <span
                        className="section-checkbox"
                      >
                        <input
                          checked={false}
                          readOnly={true}
                          type="checkbox"
                        />
                      </span>
                      <span
                        className="chapter-section c6"
                        data-chapter-section="3.2"
                      >
                        3.2
                      </span>
                      <div
                        className="section-title c7"
                        dangerouslySetInnerHTML={
                          Object {
                            "__html": "Thermodynamics in 3 dim",
                          }
                        }
                      />
                    </div>
                  </div>
                </div>
              </div>
            </div>
            <div
              className="card-footer"
            >
              <button
                className="async-button btn btn-primary"
                disabled={false}
                id="add-sections-to-homework"
                onClick={[Function]}
                type="button"
              >
                Show Problems
              </button>
              <button
                className="btn btn-default"
                disabled={false}
                onClick={[Function]}
                type="button"
              >
                Cancel
              </button>
            </div>
          </div>
        </div>
      </div>
    </div>
    <div
      className="visible-when-debugging"
    >
      <div
        className="tour-spy-info"
      >
        available regions: []; region tour ids: []; audience tags: []; tour tags: []; eligible tours: []; TOUR RIDE: &lt;none&gt;
      </div>
    </div>
  </div>
  <a
    aria-hidden="true"
    className="debug-toggle-link"
    href="#spy"
    onClick={[Function]}
    tabIndex={-1}
  >
    π
  </a>
</div>
`;
