// Jest Snapshot v1, https://goo.gl/fbAQLP

exports[`Surveys Screen renders and matches snapshot 1`] = `
<div
  className="course-page research-surveys"
  data-appearance="college_physics"
  data-book-title="College Physics"
  data-is-preview={false}
  data-term="Spring 2017"
  data-title="College Physics"
>
  <header>
    <div
      className="title-wrapper"
    >
      <div
        className="title"
      >
        College Physics
      </div>
      <div
        className="subtitle"
      >
        Spring 2017
      </div>
    </div>
  </header>
  <div
    className="body-wrapper"
  >
    <div
      className="body"
    >
      <h3>
        Do you like Refined Soft Soap
      </h3>
      <div
        className="sv_main sv_default_css"
      >
        <form
          onSubmit={[Function]}
        >
          <div
            className="sv_custom_header"
          />
          <div
            className="sv_container"
          >
            <div
              className="sv_body"
              id="sp_100"
            >
              <div
                className="sv_p_root"
              >
                <div
                  className="sv_row"
                >
                  <div
                    className="sv_q sv_qstn"
                    id="sq_100"
                    style={
                      Object {
                        "width": "100.000000%",
                      }
                    }
                  >
                    <div
                      className={null}
                    >
                      <h5
                        className="sv_q_title"
                      >
                        <span
                          className="sv_q_num"
                          style={
                            Object {
                              "position": "static",
                            }
                          }
                        >
                          1
                        </span>
                        <span
                          className="sv_q_num"
                        >
                          .
                           
                        </span>
                        <span
                          style={null}
                        >
                          Please enter your name: *
                        </span>
                      </h5>
                    </div>
                    <div
                      className={null}
                    >
                      <input
                        aria-label="Please enter your name: *"
                        className="sv_q_text_root"
                        disabled={false}
                        id="sq_100i"
                        maxLength={null}
                        onBlur={[Function]}
                        onChange={[Function]}
                        placeholder="Jon Snow"
                        size={25}
                        type="text"
                        value=""
                      />
                    </div>
                  </div>
                </div>
                <div
                  className="sv_row"
                >
                  <div
                    className="sv_q sv_qstn"
                    id="sq_101"
                    style={
                      Object {
                        "width": "100.000000%",
                      }
                    }
                  >
                    <div
                      className={null}
                    >
                      <h5
                        className="sv_q_title"
                      >
                        <span
                          className="sv_q_num"
                          style={
                            Object {
                              "position": "static",
                            }
                          }
                        >
                          2
                        </span>
                        <span
                          className="sv_q_num"
                        >
                          .
                           
                        </span>
                        <span
                          style={null}
                        >
                          Your e-mail:
                        </span>
                      </h5>
                    </div>
                    <div
                      className={null}
                    >
                      <input
                        aria-label="Your e-mail:"
                        className="sv_q_text_root"
                        disabled={false}
                        id="sq_101i"
                        maxLength={null}
                        onBlur={[Function]}
                        onChange={[Function]}
                        placeholder="jon.snow@nightwatch.org"
                        size={25}
                        type="email"
                        value=""
                      />
                    </div>
                  </div>
                </div>
                <div
                  className="sv_row"
                >
                  <div
                    className="sv_q sv_qstn"
                    id="sq_102"
                    style={
                      Object {
                        "width": "100.000000%",
                      }
                    }
                  >
                    <div
                      className={null}
                    >
                      <h5
                        className="sv_q_title"
                      >
                        <span
                          className="sv_q_num"
                          style={
                            Object {
                              "position": "static",
                            }
                          }
                        >
                          3
                        </span>
                        <span
                          className="sv_q_num"
                        >
                          .
                           
                        </span>
                        <span
                          style={null}
                        >
                          Do you like to eat bananas? *
                        </span>
                      </h5>
                    </div>
                    <div
                      className={null}
                    >
                      <fieldset
                        className="sv_qcbc"
                      >
                        <legend
                          aria-label="Do you like to eat bananas? *"
                        />
                        <div
                          className="sv_q_radiogroup sv-q-col-1"
                        >
                          <label
                            className="sv_q_radiogroup_label"
                          >
                            <input
                              aria-label="No"
                              checked={false}
                              className="sv_q_radiogroup_control_item"
                              disabled={false}
                              id="sq_102i_0"
                              name="bananas_sq_102"
                              onChange={[Function]}
                              type="radio"
                              value="no"
                            />
                            <span
                              className="circle"
                            />
                            <span
                              className="check"
                            />
                            <span
                              className=""
                            >
                              <span
                                style={
                                  Object {
                                    "display": "inline",
                                    "marginLeft": "3px",
                                    "position": "static",
                                  }
                                }
                              >
                                No
                              </span>
                            </span>
                          </label>
                        </div>
                        <div
                          className="sv_q_radiogroup sv-q-col-1"
                        >
                          <label
                            className="sv_q_radiogroup_label"
                          >
                            <input
                              aria-label="Yes, they're great!"
                              checked={false}
                              className="sv_q_radiogroup_control_item"
                              disabled={false}
                              id="sq_102i_1"
                              name="bananas_sq_102"
                              onChange={[Function]}
                              type="radio"
                              value="yes"
                            />
                            <span
                              className="circle"
                            />
                            <span
                              className="check"
                            />
                            <span
                              className=""
                            >
                              <span
                                style={
                                  Object {
                                    "display": "inline",
                                    "marginLeft": "3px",
                                    "position": "static",
                                  }
                                }
                              >
                                Yes, they're great!
                              </span>
                            </span>
                          </label>
                        </div>
                      </fieldset>
                    </div>
                  </div>
                </div>
                <div
                  className="sv_row"
                >
                  <div
                    className="sv_q sv_qstn"
                    id="sq_103"
                    style={
                      Object {
                        "width": "100.000000%",
                      }
                    }
                  >
                    <div
                      className={null}
                    >
                      <h5
                        className="sv_q_title"
                      >
                        <span
                          className="sv_q_num"
                          style={
                            Object {
                              "position": "static",
                            }
                          }
                        >
                          4
                        </span>
                        <span
                          className="sv_q_num"
                        >
                          .
                           
                        </span>
                        <span
                          style={null}
                        >
                          Why?
                        </span>
                      </h5>
                    </div>
                    <div
                      className={null}
                    >
                      <textarea
                        aria-label="Why?"
                        className=""
                        cols={50}
                        id="sq_103i"
                        maxLength={null}
                        onBlur={[Function]}
                        onChange={[Function]}
                        placeholder=""
                        readOnly={false}
                        rows={4}
                        value=""
                      />
                    </div>
                  </div>
                </div>
                <div
                  className="sv_row"
                >
                  <div
                    className="sv_q sv_qstn"
                    id="sq_104"
                    style={
                      Object {
                        "width": "100.000000%",
                      }
                    }
                  >
                    <div
                      className={null}
                    >
                      <h5
                        className="sv_q_title"
                      >
                        <span
                          className="sv_q_num"
                          style={
                            Object {
                              "position": "static",
                            }
                          }
                        >
                          5
                        </span>
                        <span
                          className="sv_q_num"
                        >
                          .
                           
                        </span>
                        <span
                          style={null}
                        >
                          Check other types of fruit you like
                        </span>
                      </h5>
                    </div>
                    <div
                      className={null}
                    >
                      <fieldset
                        className="sv_qcbc sv_qcbx"
                      >
                        <legend
                          aria-label="Check other types of fruit you like"
                        />
                        <div
                          className="sv_q_checkbox sv-q-col-1"
                        >
                          <label
                            className="sv_q_checkbox_label"
                          >
                            <input
                              aria-label="Apples"
                              checked={false}
                              className="sv_q_checkbox_control_item"
                              disabled={false}
                              id="sq_104i_0"
                              onChange={[Function]}
                              style={
                                Object {
                                  "marginRight": "3px",
                                }
                              }
                              type="checkbox"
                              value="apples"
                            />
                            <span
                              className="checkbox-material"
                            >
                              <span
                                className="check"
                              />
                            </span>
                            <span
                              className="sv_q_checkbox_control_label"
                            >
                              <span
                                style={null}
                              >
                                Apples
                              </span>
                            </span>
                          </label>
                        </div>
                        <div
                          className="sv_q_checkbox sv-q-col-1"
                        >
                          <label
                            className="sv_q_checkbox_label"
                          >
                            <input
                              aria-label="Mango"
                              checked={false}
                              className="sv_q_checkbox_control_item"
                              disabled={false}
                              id="sq_104i_1"
                              onChange={[Function]}
                              style={
                                Object {
                                  "marginRight": "3px",
                                }
                              }
                              type="checkbox"
                              value="mango"
                            />
                            <span
                              className="checkbox-material"
                            >
                              <span
                                className="check"
                              />
                            </span>
                            <span
                              className="sv_q_checkbox_control_label"
                            >
                              <span
                                style={null}
                              >
                                Mango
                              </span>
                            </span>
                          </label>
                        </div>
                        <div
                          className="sv_q_checkbox sv-q-col-1"
                        >
                          <label
                            className="sv_q_checkbox_label"
                          >
                            <input
                              aria-label="STEAK!"
                              checked={false}
                              className="sv_q_checkbox_control_item"
                              disabled={false}
                              id="sq_104i_2"
                              onChange={[Function]}
                              style={
                                Object {
                                  "marginRight": "3px",
                                }
                              }
                              type="checkbox"
                              value="steak"
                            />
                            <span
                              className="checkbox-material"
                            >
                              <span
                                className="check"
                              />
                            </span>
                            <span
                              className="sv_q_checkbox_control_label"
                            >
                              <span
                                style={null}
                              >
                                STEAK!
                              </span>
                            </span>
                          </label>
                        </div>
                      </fieldset>
                    </div>
                  </div>
                </div>
                <div
                  className="sv_row"
                >
                  <div
                    className="sv_q sv_qstn"
                    id="sq_105"
                    style={
                      Object {
                        "width": "100.000000%",
                      }
                    }
                  >
                    <div
                      className={null}
                    >
                      <h5
                        className="sv_q_title"
                      >
                        <span
                          className="sv_q_num"
                          style={
                            Object {
                              "position": "static",
                            }
                          }
                        >
                          6
                        </span>
                        <span
                          className="sv_q_num"
                        >
                          .
                           
                        </span>
                        <span
                          style={null}
                        >
                          What else would you like to say?
                        </span>
                      </h5>
                    </div>
                    <div
                      className={null}
                    >
                      <textarea
                        aria-label="What else would you like to say?"
                        className=""
                        cols={50}
                        id="sq_105i"
                        maxLength={null}
                        onBlur={[Function]}
                        onChange={[Function]}
                        placeholder=""
                        readOnly={false}
                        rows={4}
                        value=""
                      />
                    </div>
                  </div>
                </div>
              </div>
              <div
                className="sv_nav"
              >
                <input
                  className=" sv_complete_btn"
                  onClick={[Function]}
                  onMouseDown={null}
                  style={
                    Object {
                      "marginRight": "5px",
                    }
                  }
                  type="button"
                  value="Complete"
                />
              </div>
            </div>
          </div>
        </form>
      </div>
    </div>
  </div>
</div>
`;
