// Jest Snapshot v1, https://goo.gl/fbAQLP

exports[`Task Step Footer matches snapshot 1`] = `
"<StepFooter course={{...}} step={{...}}>
  <StyledExerciseFooter>
    <StyledComponent forwardedComponent={{...}} forwardedRef={{...}}>
      <div className=\\"StyledExerciseFooter-sc-7wyi4k-0 gzrui\\">
        <ExerciseIdentifierLink exerciseId=\\"1@1\\" bookUUID=\\"185cbf87-c72e-48f5-b51e-f14f21b5eabd\\" related_content={{...}}>
          <div className=\\"exercise-identifier-link\\">
            ID# 
            1@1
             | 
            <a target=\\"_blank\\" tabIndex={-1} href=\\"https://openstax.org/errata/form?source=tutor&location=1%401%201.2%20Angiosperms&book=Biology%202e\\">
              Suggest a correction
            </a>
          </div>
        </ExerciseIdentifierLink>
        <RelatedContentLink course={{...}} content={{...}}>
          <div className=\\"related-content-link\\">
            <span className=\\"preamble\\">
              Comes from 
            </span>
            <BrowseTheBook unstyled={true} chapterSection=\\"1.2\\" course={{...}} tabIndex={-1} tag=\\"a\\" windowImpl={{...}}>
              <a aria-label=\\"Browse course reference book\\" onClick={[Function: res]} tabIndex={-1} href=\\"/book/1/section/1.2\\" target=\\"_blank\\" className=\\"browse-the-book\\">
                <span className=\\"part\\">
                  <ChapterSection chapterSection={{...}}>
                    <span className=\\"chapter-section\\" data-chapter-section=\\"1.2\\">
                      1.2
                    </span>
                  </ChapterSection>
                  <Title>
                    <StyledComponent forwardedComponent={{...}} forwardedRef={{...}}>
                      <span className=\\"Title-g6utdm-0 gECFJJ\\">
                        Angiosperms
                      </span>
                    </StyledComponent>
                  </Title>
                </span>
              </a>
            </BrowseTheBook>
          </div>
        </RelatedContentLink>
      </div>
    </StyledComponent>
  </StyledExerciseFooter>
</StepFooter>"
`;
