// Jest Snapshot v1, https://goo.gl/fbAQLP

exports[`Reading Tasks Screen matches snapshot 1`] = `
.c1 {
  display: -webkit-box;
  display: -webkit-flex;
  display: -ms-flexbox;
  display: flex;
  -webkit-flex-direction: column;
  -ms-flex-direction: column;
  flex-direction: column;
  -webkit-flex: 1 1 auto;
  -ms-flex: 1 1 auto;
  flex: 1 1 auto;
  min-height: 400px;
  max-width: 960px;
  min-width: 500px;
  border-radius: 0.25rem;
  margin: auto;
  border: 1px solid #e4e4e4;
  border-radius: 0.25rem;
  background-color: white;
}

.c0 {
  padding: 2rem;
}

.c2 {
  -webkit-align-self: flex-end;
  -ms-flex-item-align: end;
  align-self: flex-end;
  margin: 4rem;
}

<div
  className="c0"
>
  <div
    className="reading-step c1"
  >
    <div />
    <button
      className="continue c2 btn btn-primary"
      disabled={false}
      onClick={[Function]}
      type="button"
    >
      Continue
    </button>
    <div
      className="visible-when-debugging"
    >
      <ul />
    </div>
  </div>
</div>
`;
