// Jest Snapshot v1, https://goo.gl/fbAQLP

exports[`Notes Model maps notes by section 1`] = `
Object {
  "10.3": Array [
    Note {
      "chapter": undefined,
      "chapter_section": ChapterSection {
        "chapter": 10,
        "section": 3,
        Symbol(mobx did run lazy initializers): true,
        Symbol(mobx administration): ObservableObjectAdministration$$1 {
          "defaultEnhancer": [Function],
          "keysAtom": Atom$$1 {
            "diffValue": 0,
            "isBeingObserved": false,
            "isPendingUnobservation": false,
            "lastAccessedBy": 0,
            "lowestObserverState": -1,
            "name": "ChapterSection@466.keys",
            "observers": Set {},
          },
          "name": "ChapterSection@466",
          "target": [Circular],
          "values": Map {
            "isNew" => false,
            "isEmpty" => false,
            "asString" => "10.3",
            "asArray" => Array [
              10,
              3,
            ],
          },
        },
      },
      "contents": Object {
        "content": "plants and animals appeared.",
        "endContainer": "./*[name()='p'][1]/text()[1]",
        "endOffset": 254,
        "startContainer": "./*[name()='p'][1]/text()[1]",
        "startOffset": 226,
        "type": "XpathRangeSelector",
        Symbol(mobx administration): ObservableObjectAdministration$$1 {
          "defaultEnhancer": [Function],
          "keysAtom": Atom$$1 {
            "diffValue": 0,
            "isBeingObserved": false,
            "isPendingUnobservation": false,
            "lastAccessedBy": 0,
            "lowestObserverState": 2,
            "name": "Note@461.contents.keys",
            "observers": Set {},
          },
          "name": "Note@461.contents",
          "pendingKeys": Map {
            "selection" => false,
            "__jest-styled-components__" => false,
            "$$typeof" => false,
            "nodeType" => false,
            "@@__IMMUTABLE_ITERABLE__@@" => false,
            "@@__IMMUTABLE_RECORD__@@" => false,
            "_isMockFunction" => false,
            "toJSON" => false,
          },
          "proxy": [Circular],
          "target": Object {
            "content": "plants and animals appeared.",
            "endContainer": "./*[name()='p'][1]/text()[1]",
            "endOffset": 254,
            "startContainer": "./*[name()='p'][1]/text()[1]",
            "startOffset": 226,
            "type": "XpathRangeSelector",
            Symbol(mobx administration): [Circular],
          },
          "values": Map {
            "endOffset" => 254,
            "startOffset" => 226,
            "type" => "XpathRangeSelector",
            "content" => "plants and animals appeared.",
            "endContainer" => "./*[name()='p'][1]/text()[1]",
            "startContainer" => "./*[name()='p'][1]/text()[1]",
          },
        },
      },
      "courseId": undefined,
      "id": 3,
      "rect": Object {
        Symbol(mobx administration): ObservableObjectAdministration$$1 {
          "defaultEnhancer": [Function],
          "keysAtom": Atom$$1 {
            "diffValue": 0,
            "isBeingObserved": false,
            "isPendingUnobservation": false,
            "lastAccessedBy": 0,
            "lowestObserverState": -1,
            "name": "ObservableObject@463.keys",
            "observers": Set {},
          },
          "name": "ObservableObject@463",
          "pendingKeys": Map {
            "__jest-styled-components__" => false,
            "$$typeof" => false,
            "nodeType" => false,
            "@@__IMMUTABLE_ITERABLE__@@" => false,
            "@@__IMMUTABLE_RECORD__@@" => false,
            "_isMockFunction" => false,
            "toJSON" => false,
          },
          "proxy": [Circular],
          "target": Object {
            Symbol(mobx administration): [Circular],
          },
          "values": Map {},
        },
      },
      "section": undefined,
      "text": undefined,
      "title": undefined,
      "type": undefined,
      Symbol(mobx did run lazy initializers): true,
      Symbol(mobx administration): ObservableObjectAdministration$$1 {
        "defaultEnhancer": [Function],
        "keysAtom": Atom$$1 {
          "diffValue": 0,
          "isBeingObserved": false,
          "isPendingUnobservation": false,
          "lastAccessedBy": 0,
          "lowestObserverState": 2,
          "name": "Note@461.keys",
          "observers": Set {},
        },
        "name": "Note@461",
        "target": [Circular],
        "values": Map {
          "isNew" => false,
          "id" => 3,
          "chapter" => undefined,
          "courseId" => undefined,
          "section" => undefined,
          "title" => undefined,
          "text" => undefined,
          "type" => undefined,
          "rect" => Object {
            Symbol(mobx administration): ObservableObjectAdministration$$1 {
              "defaultEnhancer": [Function],
              "keysAtom": Atom$$1 {
                "diffValue": 0,
                "isBeingObserved": false,
                "isPendingUnobservation": false,
                "lastAccessedBy": 0,
                "lowestObserverState": -1,
                "name": "ObservableObject@463.keys",
                "observers": Set {},
              },
              "name": "ObservableObject@463",
              "pendingKeys": Map {
                "__jest-styled-components__" => false,
                "$$typeof" => false,
                "nodeType" => false,
                "@@__IMMUTABLE_ITERABLE__@@" => false,
                "@@__IMMUTABLE_RECORD__@@" => false,
                "_isMockFunction" => false,
                "toJSON" => false,
              },
              "proxy": [Circular],
              "target": Object {
                Symbol(mobx administration): [Circular],
              },
              "values": Map {},
            },
          },
          "contents" => Object {
            "content": "plants and animals appeared.",
            "endContainer": "./*[name()='p'][1]/text()[1]",
            "endOffset": 254,
            "startContainer": "./*[name()='p'][1]/text()[1]",
            "startOffset": 226,
            "type": "XpathRangeSelector",
            Symbol(mobx administration): ObservableObjectAdministration$$1 {
              "defaultEnhancer": [Function],
              "keysAtom": Atom$$1 {
                "diffValue": 0,
                "isBeingObserved": false,
                "isPendingUnobservation": false,
                "lastAccessedBy": 0,
                "lowestObserverState": 2,
                "name": "Note@461.contents.keys",
                "observers": Set {},
              },
              "name": "Note@461.contents",
              "pendingKeys": Map {
                "selection" => false,
                "__jest-styled-components__" => false,
                "$$typeof" => false,
                "nodeType" => false,
                "@@__IMMUTABLE_ITERABLE__@@" => false,
                "@@__IMMUTABLE_RECORD__@@" => false,
                "_isMockFunction" => false,
                "toJSON" => false,
              },
              "proxy": [Circular],
              "target": Object {
                "content": "plants and animals appeared.",
                "endContainer": "./*[name()='p'][1]/text()[1]",
                "endOffset": 254,
                "startContainer": "./*[name()='p'][1]/text()[1]",
                "startOffset": 226,
                "type": "XpathRangeSelector",
                Symbol(mobx administration): [Circular],
              },
              "values": Map {
                "endOffset" => 254,
                "startOffset" => 226,
                "type" => "XpathRangeSelector",
                "content" => "plants and animals appeared.",
                "endContainer" => "./*[name()='p'][1]/text()[1]",
                "startContainer" => "./*[name()='p'][1]/text()[1]",
              },
            },
          },
          "chapter_section" => ChapterSection {
            "chapter": 10,
            "section": 3,
            Symbol(mobx did run lazy initializers): true,
            Symbol(mobx administration): ObservableObjectAdministration$$1 {
              "defaultEnhancer": [Function],
              "keysAtom": Atom$$1 {
                "diffValue": 0,
                "isBeingObserved": false,
                "isPendingUnobservation": false,
                "lastAccessedBy": 0,
                "lowestObserverState": -1,
                "name": "ChapterSection@466.keys",
                "observers": Set {},
              },
              "name": "ChapterSection@466",
              "target": [Circular],
              "values": Map {
                "isNew" => false,
                "isEmpty" => false,
                "asString" => "10.3",
                "asArray" => Array [
                  10,
                  3,
                ],
              },
            },
          },
          "formattedChapterSection" => "undefined",
        },
      },
    },
  ],
  "2.2": Array [
    Note {
      "chapter": undefined,
      "chapter_section": ChapterSection {
        "chapter": 2,
        "section": 2,
        Symbol(mobx did run lazy initializers): true,
        Symbol(mobx administration): ObservableObjectAdministration$$1 {
          "defaultEnhancer": [Function],
          "keysAtom": Atom$$1 {
            "diffValue": 0,
            "isBeingObserved": false,
            "isPendingUnobservation": false,
            "lastAccessedBy": 0,
            "lowestObserverState": -1,
            "name": "ChapterSection@446.keys",
            "observers": Set {},
          },
          "name": "ChapterSection@446",
          "target": [Circular],
          "values": Map {
            "isNew" => false,
            "isEmpty" => false,
            "asString" => "2.2",
            "asArray" => Array [
              2,
              2,
            ],
          },
        },
      },
      "contents": Object {
        "content": "plants and animals appeared.",
        "endContainer": "./*[name()='p'][1]/text()[1]",
        "endOffset": 254,
        "startContainer": "./*[name()='p'][1]/text()[1]",
        "startOffset": 226,
        "type": "XpathRangeSelector",
        Symbol(mobx administration): ObservableObjectAdministration$$1 {
          "defaultEnhancer": [Function],
          "keysAtom": Atom$$1 {
            "diffValue": 0,
            "isBeingObserved": false,
            "isPendingUnobservation": false,
            "lastAccessedBy": 0,
            "lowestObserverState": 2,
            "name": "Note@441.contents.keys",
            "observers": Set {},
          },
          "name": "Note@441.contents",
          "pendingKeys": Map {
            "selection" => false,
            "__jest-styled-components__" => false,
            "$$typeof" => false,
            "nodeType" => false,
            "@@__IMMUTABLE_ITERABLE__@@" => false,
            "@@__IMMUTABLE_RECORD__@@" => false,
            "_isMockFunction" => false,
            "toJSON" => false,
          },
          "proxy": [Circular],
          "target": Object {
            "content": "plants and animals appeared.",
            "endContainer": "./*[name()='p'][1]/text()[1]",
            "endOffset": 254,
            "startContainer": "./*[name()='p'][1]/text()[1]",
            "startOffset": 226,
            "type": "XpathRangeSelector",
            Symbol(mobx administration): [Circular],
          },
          "values": Map {
            "endOffset" => 254,
            "startOffset" => 226,
            "type" => "XpathRangeSelector",
            "content" => "plants and animals appeared.",
            "endContainer" => "./*[name()='p'][1]/text()[1]",
            "startContainer" => "./*[name()='p'][1]/text()[1]",
          },
        },
      },
      "courseId": undefined,
      "id": 1,
      "rect": Object {
        Symbol(mobx administration): ObservableObjectAdministration$$1 {
          "defaultEnhancer": [Function],
          "keysAtom": Atom$$1 {
            "diffValue": 0,
            "isBeingObserved": false,
            "isPendingUnobservation": false,
            "lastAccessedBy": 0,
            "lowestObserverState": -1,
            "name": "ObservableObject@443.keys",
            "observers": Set {},
          },
          "name": "ObservableObject@443",
          "pendingKeys": Map {
            "__jest-styled-components__" => false,
            "$$typeof" => false,
            "nodeType" => false,
            "@@__IMMUTABLE_ITERABLE__@@" => false,
            "@@__IMMUTABLE_RECORD__@@" => false,
            "_isMockFunction" => false,
            "toJSON" => false,
          },
          "proxy": [Circular],
          "target": Object {
            Symbol(mobx administration): [Circular],
          },
          "values": Map {},
        },
      },
      "section": undefined,
      "text": undefined,
      "title": undefined,
      "type": undefined,
      Symbol(mobx did run lazy initializers): true,
      Symbol(mobx administration): ObservableObjectAdministration$$1 {
        "defaultEnhancer": [Function],
        "keysAtom": Atom$$1 {
          "diffValue": 0,
          "isBeingObserved": false,
          "isPendingUnobservation": false,
          "lastAccessedBy": 0,
          "lowestObserverState": 2,
          "name": "Note@441.keys",
          "observers": Set {},
        },
        "name": "Note@441",
        "target": [Circular],
        "values": Map {
          "isNew" => false,
          "id" => 1,
          "chapter" => undefined,
          "courseId" => undefined,
          "section" => undefined,
          "title" => undefined,
          "text" => undefined,
          "type" => undefined,
          "rect" => Object {
            Symbol(mobx administration): ObservableObjectAdministration$$1 {
              "defaultEnhancer": [Function],
              "keysAtom": Atom$$1 {
                "diffValue": 0,
                "isBeingObserved": false,
                "isPendingUnobservation": false,
                "lastAccessedBy": 0,
                "lowestObserverState": -1,
                "name": "ObservableObject@443.keys",
                "observers": Set {},
              },
              "name": "ObservableObject@443",
              "pendingKeys": Map {
                "__jest-styled-components__" => false,
                "$$typeof" => false,
                "nodeType" => false,
                "@@__IMMUTABLE_ITERABLE__@@" => false,
                "@@__IMMUTABLE_RECORD__@@" => false,
                "_isMockFunction" => false,
                "toJSON" => false,
              },
              "proxy": [Circular],
              "target": Object {
                Symbol(mobx administration): [Circular],
              },
              "values": Map {},
            },
          },
          "contents" => Object {
            "content": "plants and animals appeared.",
            "endContainer": "./*[name()='p'][1]/text()[1]",
            "endOffset": 254,
            "startContainer": "./*[name()='p'][1]/text()[1]",
            "startOffset": 226,
            "type": "XpathRangeSelector",
            Symbol(mobx administration): ObservableObjectAdministration$$1 {
              "defaultEnhancer": [Function],
              "keysAtom": Atom$$1 {
                "diffValue": 0,
                "isBeingObserved": false,
                "isPendingUnobservation": false,
                "lastAccessedBy": 0,
                "lowestObserverState": 2,
                "name": "Note@441.contents.keys",
                "observers": Set {},
              },
              "name": "Note@441.contents",
              "pendingKeys": Map {
                "selection" => false,
                "__jest-styled-components__" => false,
                "$$typeof" => false,
                "nodeType" => false,
                "@@__IMMUTABLE_ITERABLE__@@" => false,
                "@@__IMMUTABLE_RECORD__@@" => false,
                "_isMockFunction" => false,
                "toJSON" => false,
              },
              "proxy": [Circular],
              "target": Object {
                "content": "plants and animals appeared.",
                "endContainer": "./*[name()='p'][1]/text()[1]",
                "endOffset": 254,
                "startContainer": "./*[name()='p'][1]/text()[1]",
                "startOffset": 226,
                "type": "XpathRangeSelector",
                Symbol(mobx administration): [Circular],
              },
              "values": Map {
                "endOffset" => 254,
                "startOffset" => 226,
                "type" => "XpathRangeSelector",
                "content" => "plants and animals appeared.",
                "endContainer" => "./*[name()='p'][1]/text()[1]",
                "startContainer" => "./*[name()='p'][1]/text()[1]",
              },
            },
          },
          "chapter_section" => ChapterSection {
            "chapter": 2,
            "section": 2,
            Symbol(mobx did run lazy initializers): true,
            Symbol(mobx administration): ObservableObjectAdministration$$1 {
              "defaultEnhancer": [Function],
              "keysAtom": Atom$$1 {
                "diffValue": 0,
                "isBeingObserved": false,
                "isPendingUnobservation": false,
                "lastAccessedBy": 0,
                "lowestObserverState": -1,
                "name": "ChapterSection@446.keys",
                "observers": Set {},
              },
              "name": "ChapterSection@446",
              "target": [Circular],
              "values": Map {
                "isNew" => false,
                "isEmpty" => false,
                "asString" => "2.2",
                "asArray" => Array [
                  2,
                  2,
                ],
              },
            },
          },
          "formattedChapterSection" => "undefined",
        },
      },
    },
  ],
  "6.4": Array [
    Note {
      "chapter": undefined,
      "chapter_section": ChapterSection {
        "chapter": 6,
        "section": 4,
        Symbol(mobx did run lazy initializers): true,
        Symbol(mobx administration): ObservableObjectAdministration$$1 {
          "defaultEnhancer": [Function],
          "keysAtom": Atom$$1 {
            "diffValue": 0,
            "isBeingObserved": false,
            "isPendingUnobservation": false,
            "lastAccessedBy": 0,
            "lowestObserverState": -1,
            "name": "ChapterSection@456.keys",
            "observers": Set {},
          },
          "name": "ChapterSection@456",
          "target": [Circular],
          "values": Map {
            "isNew" => false,
            "isEmpty" => false,
            "asString" => "6.4",
            "asArray" => Array [
              6,
              4,
            ],
          },
        },
      },
      "contents": Object {
        "content": "plants and animals appeared.",
        "endContainer": "./*[name()='p'][1]/text()[1]",
        "endOffset": 254,
        "startContainer": "./*[name()='p'][1]/text()[1]",
        "startOffset": 226,
        "type": "XpathRangeSelector",
        Symbol(mobx administration): ObservableObjectAdministration$$1 {
          "defaultEnhancer": [Function],
          "keysAtom": Atom$$1 {
            "diffValue": 0,
            "isBeingObserved": false,
            "isPendingUnobservation": false,
            "lastAccessedBy": 0,
            "lowestObserverState": 2,
            "name": "Note@451.contents.keys",
            "observers": Set {},
          },
          "name": "Note@451.contents",
          "pendingKeys": Map {
            "selection" => false,
            "__jest-styled-components__" => false,
            "$$typeof" => false,
            "nodeType" => false,
            "@@__IMMUTABLE_ITERABLE__@@" => false,
            "@@__IMMUTABLE_RECORD__@@" => false,
            "_isMockFunction" => false,
            "toJSON" => false,
          },
          "proxy": [Circular],
          "target": Object {
            "content": "plants and animals appeared.",
            "endContainer": "./*[name()='p'][1]/text()[1]",
            "endOffset": 254,
            "startContainer": "./*[name()='p'][1]/text()[1]",
            "startOffset": 226,
            "type": "XpathRangeSelector",
            Symbol(mobx administration): [Circular],
          },
          "values": Map {
            "endOffset" => 254,
            "startOffset" => 226,
            "type" => "XpathRangeSelector",
            "content" => "plants and animals appeared.",
            "endContainer" => "./*[name()='p'][1]/text()[1]",
            "startContainer" => "./*[name()='p'][1]/text()[1]",
          },
        },
      },
      "courseId": undefined,
      "id": 2,
      "rect": Object {
        Symbol(mobx administration): ObservableObjectAdministration$$1 {
          "defaultEnhancer": [Function],
          "keysAtom": Atom$$1 {
            "diffValue": 0,
            "isBeingObserved": false,
            "isPendingUnobservation": false,
            "lastAccessedBy": 0,
            "lowestObserverState": -1,
            "name": "ObservableObject@453.keys",
            "observers": Set {},
          },
          "name": "ObservableObject@453",
          "pendingKeys": Map {
            "__jest-styled-components__" => false,
            "$$typeof" => false,
            "nodeType" => false,
            "@@__IMMUTABLE_ITERABLE__@@" => false,
            "@@__IMMUTABLE_RECORD__@@" => false,
            "_isMockFunction" => false,
            "toJSON" => false,
          },
          "proxy": [Circular],
          "target": Object {
            Symbol(mobx administration): [Circular],
          },
          "values": Map {},
        },
      },
      "section": undefined,
      "text": undefined,
      "title": undefined,
      "type": undefined,
      Symbol(mobx did run lazy initializers): true,
      Symbol(mobx administration): ObservableObjectAdministration$$1 {
        "defaultEnhancer": [Function],
        "keysAtom": Atom$$1 {
          "diffValue": 0,
          "isBeingObserved": false,
          "isPendingUnobservation": false,
          "lastAccessedBy": 0,
          "lowestObserverState": 2,
          "name": "Note@451.keys",
          "observers": Set {},
        },
        "name": "Note@451",
        "target": [Circular],
        "values": Map {
          "isNew" => false,
          "id" => 2,
          "chapter" => undefined,
          "courseId" => undefined,
          "section" => undefined,
          "title" => undefined,
          "text" => undefined,
          "type" => undefined,
          "rect" => Object {
            Symbol(mobx administration): ObservableObjectAdministration$$1 {
              "defaultEnhancer": [Function],
              "keysAtom": Atom$$1 {
                "diffValue": 0,
                "isBeingObserved": false,
                "isPendingUnobservation": false,
                "lastAccessedBy": 0,
                "lowestObserverState": -1,
                "name": "ObservableObject@453.keys",
                "observers": Set {},
              },
              "name": "ObservableObject@453",
              "pendingKeys": Map {
                "__jest-styled-components__" => false,
                "$$typeof" => false,
                "nodeType" => false,
                "@@__IMMUTABLE_ITERABLE__@@" => false,
                "@@__IMMUTABLE_RECORD__@@" => false,
                "_isMockFunction" => false,
                "toJSON" => false,
              },
              "proxy": [Circular],
              "target": Object {
                Symbol(mobx administration): [Circular],
              },
              "values": Map {},
            },
          },
          "contents" => Object {
            "content": "plants and animals appeared.",
            "endContainer": "./*[name()='p'][1]/text()[1]",
            "endOffset": 254,
            "startContainer": "./*[name()='p'][1]/text()[1]",
            "startOffset": 226,
            "type": "XpathRangeSelector",
            Symbol(mobx administration): ObservableObjectAdministration$$1 {
              "defaultEnhancer": [Function],
              "keysAtom": Atom$$1 {
                "diffValue": 0,
                "isBeingObserved": false,
                "isPendingUnobservation": false,
                "lastAccessedBy": 0,
                "lowestObserverState": 2,
                "name": "Note@451.contents.keys",
                "observers": Set {},
              },
              "name": "Note@451.contents",
              "pendingKeys": Map {
                "selection" => false,
                "__jest-styled-components__" => false,
                "$$typeof" => false,
                "nodeType" => false,
                "@@__IMMUTABLE_ITERABLE__@@" => false,
                "@@__IMMUTABLE_RECORD__@@" => false,
                "_isMockFunction" => false,
                "toJSON" => false,
              },
              "proxy": [Circular],
              "target": Object {
                "content": "plants and animals appeared.",
                "endContainer": "./*[name()='p'][1]/text()[1]",
                "endOffset": 254,
                "startContainer": "./*[name()='p'][1]/text()[1]",
                "startOffset": 226,
                "type": "XpathRangeSelector",
                Symbol(mobx administration): [Circular],
              },
              "values": Map {
                "endOffset" => 254,
                "startOffset" => 226,
                "type" => "XpathRangeSelector",
                "content" => "plants and animals appeared.",
                "endContainer" => "./*[name()='p'][1]/text()[1]",
                "startContainer" => "./*[name()='p'][1]/text()[1]",
              },
            },
          },
          "chapter_section" => ChapterSection {
            "chapter": 6,
            "section": 4,
            Symbol(mobx did run lazy initializers): true,
            Symbol(mobx administration): ObservableObjectAdministration$$1 {
              "defaultEnhancer": [Function],
              "keysAtom": Atom$$1 {
                "diffValue": 0,
                "isBeingObserved": false,
                "isPendingUnobservation": false,
                "lastAccessedBy": 0,
                "lowestObserverState": -1,
                "name": "ChapterSection@456.keys",
                "observers": Set {},
              },
              "name": "ChapterSection@456",
              "target": [Circular],
              "values": Map {
                "isNew" => false,
                "isEmpty" => false,
                "asString" => "6.4",
                "asArray" => Array [
                  6,
                  4,
                ],
              },
            },
          },
          "formattedChapterSection" => "undefined",
        },
      },
    },
  ],
}
`;
