// Jest Snapshot v1, https://goo.gl/fbAQLP

exports[`Freshly Created Course prompt renders and matches snapshot 1`] = `
<C
  path="/"
>
  <FreshlyCreatedCourse
    ux={
      FullCourseOnboarding {
<<<<<<< HEAD
        "course": Object {},
        "dismissNag": [MockFunction],
        "response": false,
        "tourContext": Object {},
=======
        "course": Object {
          Symbol(mobx administration): ObservableObjectAdministration$$1 {
            "defaultEnhancer": [Function],
            "keysAtom": Atom$$1 {
              "diffValue": 0,
              "isBeingObserved": false,
              "isPendingUnobservation": false,
              "lastAccessedBy": 0,
              "lowestObserverState": -1,
              "name": "FullCourseOnboarding@32.course.keys",
              "observers": Set {},
            },
            "name": "FullCourseOnboarding@32.course",
            "pendingKeys": Map {
              "__jest-styled-components__" => false,
              "$$typeof" => false,
              "nodeType" => false,
              "@@__IMMUTABLE_ITERABLE__@@" => false,
              "@@__IMMUTABLE_RECORD__@@" => false,
              "_isMockFunction" => false,
              "toJSON" => false,
            },
            "proxy": [Circular],
            "target": Object {
              Symbol(mobx administration): [Circular],
            },
            "values": Map {},
          },
        },
        "dismissNag": [MockFunction],
        "response": false,
        "tourContext": Object {
          Symbol(mobx administration): ObservableObjectAdministration$$1 {
            "defaultEnhancer": [Function],
            "keysAtom": Atom$$1 {
              "diffValue": 0,
              "isBeingObserved": false,
              "isPendingUnobservation": false,
              "lastAccessedBy": 0,
              "lowestObserverState": -1,
              "name": "FullCourseOnboarding@32.tourContext.keys",
              "observers": Set {},
            },
            "name": "FullCourseOnboarding@32.tourContext",
            "pendingKeys": Map {
              "__jest-styled-components__" => false,
              "$$typeof" => false,
              "nodeType" => false,
              "@@__IMMUTABLE_ITERABLE__@@" => false,
              "@@__IMMUTABLE_RECORD__@@" => false,
              "_isMockFunction" => false,
              "toJSON" => false,
            },
            "proxy": [Circular],
            "target": Object {
              Symbol(mobx administration): [Circular],
            },
            "values": Map {},
          },
        },
        Symbol(mobx did run lazy initializers): true,
        Symbol(mobx administration): ObservableObjectAdministration$$1 {
          "defaultEnhancer": [Function],
          "keysAtom": Atom$$1 {
            "diffValue": 0,
            "isBeingObserved": false,
            "isPendingUnobservation": false,
            "lastAccessedBy": 0,
            "lowestObserverState": 2,
            "name": "FullCourseOnboarding@32.keys",
            "observers": Set {},
          },
          "name": "FullCourseOnboarding@32",
          "target": [Circular],
          "values": Map {
            "course" => Object {
              Symbol(mobx administration): ObservableObjectAdministration$$1 {
                "defaultEnhancer": [Function],
                "keysAtom": Atom$$1 {
                  "diffValue": 0,
                  "isBeingObserved": false,
                  "isPendingUnobservation": false,
                  "lastAccessedBy": 0,
                  "lowestObserverState": -1,
                  "name": "FullCourseOnboarding@32.course.keys",
                  "observers": Set {},
                },
                "name": "FullCourseOnboarding@32.course",
                "pendingKeys": Map {
                  "__jest-styled-components__" => false,
                  "$$typeof" => false,
                  "nodeType" => false,
                  "@@__IMMUTABLE_ITERABLE__@@" => false,
                  "@@__IMMUTABLE_RECORD__@@" => false,
                  "_isMockFunction" => false,
                  "toJSON" => false,
                },
                "proxy": [Circular],
                "target": Object {
                  Symbol(mobx administration): [Circular],
                },
                "values": Map {},
              },
            },
            "tourContext" => Object {
              Symbol(mobx administration): ObservableObjectAdministration$$1 {
                "defaultEnhancer": [Function],
                "keysAtom": Atom$$1 {
                  "diffValue": 0,
                  "isBeingObserved": false,
                  "isPendingUnobservation": false,
                  "lastAccessedBy": 0,
                  "lowestObserverState": -1,
                  "name": "FullCourseOnboarding@32.tourContext.keys",
                  "observers": Set {},
                },
                "name": "FullCourseOnboarding@32.tourContext",
                "pendingKeys": Map {
                  "__jest-styled-components__" => false,
                  "$$typeof" => false,
                  "nodeType" => false,
                  "@@__IMMUTABLE_ITERABLE__@@" => false,
                  "@@__IMMUTABLE_RECORD__@@" => false,
                  "_isMockFunction" => false,
                  "toJSON" => false,
                },
                "proxy": [Circular],
                "target": Object {
                  Symbol(mobx administration): [Circular],
                },
                "values": Map {},
              },
            },
            "otherModalsAreDisplaying" => false,
            "courseIsNaggable" => undefined,
            "response" => false,
            "nagComponent" => null,
            "displayInitialPrompt" => false,
            "lastNaggedAgo" => null,
            "isOnboardingUndecided" => true,
          },
        },
>>>>>>> load available highlights from Tutor
      }
    }
  />
</C>
`;
