// Jest Snapshot v1, https://goo.gl/fbAQLP

exports[`main Tutor App renders and matches snapshot 1`] = `
.c0 {
  margin-right: 0.5rem;
  margin-left: 0.5rem;
}

<div
  className="tutor-app openstax-wrapper"
>
  <div
    className="openstax-debug-content"
  >
    <div
      data-purpose="tour-conductor-wrapper"
    >
      <nav
        className="navbar navbar-expand navbar-light"
      >
        <div
          className="tutor-top-navbar navbar-nav"
          onKeyDown={[Function]}
        >
          <div
            className="tutor-nav-controls"
          >
            <div
              className="left-side-controls"
            >
              <a
                aria-label="dashboard"
                className="brand"
                href="/dashboard"
                onClick={[Function]}
              >
                <i
                  className="ui-brand-logo"
                />
              </a>
            </div>
            <div
              className="right-side-controls"
            >
              <div
                className="support-menu dropdown"
                onKeyDown={[Function]}
              >
                <button
                  aria-expanded={false}
                  aria-haspopup={true}
                  aria-label="Page tips and support"
                  className="dropdown-toggle btn btn-ox"
                  disabled={false}
                  id="support-menu"
                  onClick={[Function]}
                  type="button"
                >
                  <div
                    aria-labelledby="support-menu"
                    className="tour-anchor"
                    data-tour-anchor-id="support-menu-button"
                    onSelect={[Function]}
                  >
                    <svg
                      aria-hidden="true"
                      className="svg-inline--fa fa-question-circle fa-w-16 ox-icon question-circle c0"
                      data-icon="question-circle"
                      data-prefix="fas"
                      focusable="false"
                      role="img"
                      style={Object {}}
                      viewBox="0 0 512 512"
                      xmlns="http://www.w3.org/2000/svg"
                    >
                      <path
                        d="M504 256c0 136.997-111.043 248-248 248S8 392.997 8 256C8 119.083 119.043 8 256 8s248 111.083 248 248zM262.655 90c-54.497 0-89.255 22.957-116.549 63.758-3.536 5.286-2.353 12.415 2.715 16.258l34.699 26.31c5.205 3.947 12.621 3.008 16.665-2.122 17.864-22.658 30.113-35.797 57.303-35.797 20.429 0 45.698 13.148 45.698 32.958 0 14.976-12.363 22.667-32.534 33.976C247.128 238.528 216 254.941 216 296v4c0 6.627 5.373 12 12 12h56c6.627 0 12-5.373 12-12v-1.333c0-28.462 83.186-29.647 83.186-106.667 0-58.002-60.165-102-116.531-102zM256 338c-25.365 0-46 20.635-46 46 0 25.364 20.635 46 46 46s46-20.636 46-46c0-25.365-20.635-46-46-46z"
                        fill="currentColor"
                        style={Object {}}
                      />
                    </svg>
                    <span
                      className="control-label"
                      title="Page tips and support"
                    >
                      Help
                    </span>
                    <svg
                      aria-hidden="true"
                      className="svg-inline--fa fa-angle-down fa-w-10 ox-icon angle-down toggle c0"
                      data-icon="angle-down"
                      data-prefix="fas"
                      focusable="false"
                      role="img"
                      style={Object {}}
                      viewBox="0 0 320 512"
                      xmlns="http://www.w3.org/2000/svg"
                    >
                      <path
                        d="M143 352.3L7 216.3c-9.4-9.4-9.4-24.6 0-33.9l22.6-22.6c9.4-9.4 24.6-9.4 33.9 0l96.4 96.4 96.4-96.4c9.4-9.4 24.6-9.4 33.9 0l22.6 22.6c9.4 9.4 9.4 24.6 0 33.9l-136 136c-9.2 9.4-24.4 9.4-33.8 0z"
                        fill="currentColor"
                        style={Object {}}
                      />
                    </svg>
                  </div>
                </button>
                <div
                  aria-labelledby={null}
                  className="dropdown-menu"
                >
                  <a
                    className="-help-link dropdown-item"
                    href="https://openstax.secure.force.com/help"
                    onClick={[Function]}
                    onKeyDown={[Function]}
                    target="_blank"
                  >
                    <span>
                      Help Articles
                    </span>
                  </a>
                  <a
                    className="support-document-link dropdown-item"
                    href="https://d3bxy9euw4e147.cloudfront.net/oscms-prodcms/media/documents/openstax_tutor_student_getting_started_guide.pdf"
                    onClick={[Function]}
                    onKeyDown={[Function]}
                    target="_blank"
                  >
                    <div
                      className="tour-anchor"
                      data-tour-anchor-id="menu-support-document"
                    >
                      Getting Started Guide
                    </div>
                  </a>
                  <a
                    className="-help-link dropdown-item"
                    href="/accessibility-statement/"
                    onClick={[Function]}
                    onKeyDown={[Function]}
                  >
                    <span>
                      Accessibility Statement
                    </span>
                  </a>
                </div>
              </div>
              <div
                className="actions-menu dropdown"
                onKeyDown={[Function]}
              >
                <button
                  aria-expanded={false}
                  aria-haspopup={true}
                  aria-label="Menu and settings"
                  className="dropdown-toggle btn btn-ox"
                  disabled={false}
                  id="actions-menu"
                  onClick={[Function]}
                  type="button"
                >
                  <svg
                    aria-hidden="true"
                    className="svg-inline--fa fa-bars fa-w-14 ox-icon bars c0"
                    data-icon="bars"
                    data-prefix="fas"
                    focusable="false"
                    role="img"
                    style={Object {}}
                    viewBox="0 0 448 512"
                    xmlns="http://www.w3.org/2000/svg"
                  >
                    <path
                      d="M16 132h416c8.837 0 16-7.163 16-16V76c0-8.837-7.163-16-16-16H16C7.163 60 0 67.163 0 76v40c0 8.837 7.163 16 16 16zm0 160h416c8.837 0 16-7.163 16-16v-40c0-8.837-7.163-16-16-16H16c-8.837 0-16 7.163-16 16v40c0 8.837 7.163 16 16 16zm0 160h416c8.837 0 16-7.163 16-16v-40c0-8.837-7.163-16-16-16H16c-8.837 0-16 7.163-16 16v40c0 8.837 7.163 16 16 16z"
                      fill="currentColor"
                      style={Object {}}
                    />
                  </svg>
                  <span
                    className="control-label"
                    title="Menu and settings"
                  >
                    Menu
                  </span>
                  <svg
                    aria-hidden="true"
                    className="svg-inline--fa fa-angle-down fa-w-10 ox-icon angle-down toggle c0"
                    data-icon="angle-down"
                    data-prefix="fas"
                    focusable="false"
                    role="img"
                    style={Object {}}
                    viewBox="0 0 320 512"
                    xmlns="http://www.w3.org/2000/svg"
                  >
                    <path
                      d="M143 352.3L7 216.3c-9.4-9.4-9.4-24.6 0-33.9l22.6-22.6c9.4-9.4 24.6-9.4 33.9 0l96.4 96.4 96.4-96.4c9.4-9.4 24.6-9.4 33.9 0l22.6 22.6c9.4 9.4 9.4 24.6 0 33.9l-136 136c-9.2 9.4-24.4 9.4-33.8 0z"
                      fill="currentColor"
                      style={Object {}}
                    />
                  </svg>
                </button>
                <div
                  aria-labelledby={null}
                  className="dropdown-menu"
                >
                  <div
                    className="dropdown-divider"
                    role="separator"
                  />
                  <a
                    className="createNewCourse dropdown-item"
                    data-name="createNewCourse"
                    href="/new-course"
                    onClick={[Function]}
                    onKeyDown={[Function]}
                  >
                    <div
                      className="tour-anchor"
                      data-tour-anchor-id="menu-option-createNewCourse"
                    >
                      Create a Course
                    </div>
                  </a>
                  <div
                    className="dropdown-divider"
                    role="separator"
                  />
                </div>
              </div>
              <div
                className="user-menu dropdown"
                onKeyDown={[Function]}
              >
                <button
                  aria-expanded={false}
                  aria-haspopup={true}
                  aria-label="Account settings"
                  className="dropdown-toggle btn btn-link"
                  disabled={false}
                  id="user-menu"
                  onClick={[Function]}
                  type="button"
                >
                  <span
                    className="initials"
                  />
                </button>
                <div
                  aria-labelledby={null}
                  className="dropdown-menu dropdown-menu-right"
                >
                  <a
                    aria-label="Log out"
                    className="logout dropdown-item"
                    href="#"
                    label="Log out"
                    onClick={[Function]}
                    onKeyDown={[Function]}
                    role="button"
                  >
                    <form
                      acceptCharset="UTF-8"
                      action="/accounts/logout"
                      className="-logout-form"
                      method="post"
                    >
                      <input
                        name="_method"
                        type="hidden"
                        value="delete"
                      />
                      <input
                        name="authenticity_token"
                        type="hidden"
                      />
                      <input
                        aria-label="Log out"
                        type="submit"
                        value="Log out"
                      />
                    </form>
                  </a>
                </div>
              </div>
            </div>
          </div>
        </div>
      </nav>
      <div
        className="invalid-page"
      >
        <div
          className="ox-colored-stripe"
        >
          <div
            className="orange"
          />
          <div
            className="blue"
          />
          <div
            className="red"
          />
          <div
            className="yellow"
          />
          <div
            className="teal"
          />
        </div>
        <h1>
          Uh-oh, no page here
        </h1>
        <p>
          Kudos on your desire to explore! Unfortunately, we don’t have a page to go with that particular location.
        </p>
        <a
          className="home"
          href="/dashboard"
          onClick={[Function]}
        >
          Return Home
          <svg
            aria-hidden="true"
            className="svg-inline--fa fa-caret-right fa-w-6 ox-icon caret-right c0"
            data-icon="caret-right"
            data-prefix="fas"
            focusable="false"
            role="img"
            style={Object {}}
            viewBox="0 0 192 512"
            xmlns="http://www.w3.org/2000/svg"
          >
            <path
              d="M0 384.662V127.338c0-17.818 21.543-26.741 34.142-14.142l128.662 128.662c7.81 7.81 7.81 20.474 0 28.284L34.142 398.804C21.543 411.404 0 402.48 0 384.662z"
              fill="currentColor"
              style={Object {}}
            />
          </svg>
        </a>
      </div>
      <div
        className="visible-when-debugging"
      >
        <div
          className="tour-spy-info"
        >
          available regions: []; region tour ids: []; audience tags: [undefined]; tour tags: []; eligible tours: []; TOUR RIDE: &lt;none&gt;
        </div>
      </div>
    </div>
    <a
      aria-hidden="true"
      className="debug-toggle-link"
      href="#spy"
      onClick={[Function]}
      tabIndex={-1}
    >
      π
    </a>
  </div>
</div>
`;
