// Jest Snapshot v1, https://goo.gl/fbAQLP

exports[`Related Content Link renders and matches snapshot 1`] = `
.c0 .chapter-section {
  font-weight: normal;
  color: inherit;
}

.c1 {
  margin-left: 0.5rem;
}

<div
  className="c0"
>
  <span
    className="preamble"
  >
    Comes from 
  </span>
  <a
    aria-label="Browse course reference book"
    className="browse-the-book"
    href="/book/1/section/1"
    onClick={[Function]}
    tabIndex={-1}
    target="_blank"
  >
    <span
      className="part"
    >
      <span
        className="chapter-section"
        data-chapter-section="1.0"
      >
        1
      </span>
      <span
        className="c1"
      >
        Intro
      </span>
    </span>
  </a>
  <a
    aria-label="Browse course reference book"
    className="browse-the-book"
    href="/book/1/section/1.1"
    onClick={[Function]}
    tabIndex={-1}
    target="_blank"
  >
    <span
      className="part"
    >
      <span
        className="chapter-section"
        data-chapter-section="1.1"
      >
        1.1
      </span>
      <span
        className="c1"
      >
        First
      </span>
    </span>
  </a>
</div>
`;
