// Jest Snapshot v1, https://goo.gl/fbAQLP

exports[`Homework Row renders with completed count 1`] = `
.c0 {
  display: -webkit-box;
  display: -webkit-flex;
  display: -ms-flexbox;
  display: flex;
  -webkit-box-pack: start;
  -webkit-justify-content: flex-start;
  -ms-flex-pack: start;
  justify-content: flex-start;
  -webkit-align-items: center;
  -webkit-box-align: center;
  -ms-flex-align: center;
  align-items: center;
}

.c1 {
  font-size: 1.2rem;
  margin-top: 5px;
  color: #999999;
}

<a
  aria-label="Work on homework: turn-key leverage content"
  className="task row homework"
  data-event-id={1}
  href="/course/1/task/1"
  onClick={[Function]}
  tabIndex={-1}
>
  <div
    className="column-icon col-sm-1 col-2"
  >
    <i
      aria-label="homework icon"
      className="icon icon-lg icon-homework"
    />
  </div>
  <div
    className="title col-sm-5 col-10"
  >
    turn-key leverage content
  </div>
  <div
    className="due-at col-sm-3 col-5"
  >
    <time>
      We Oct 11, 7:00am
    </time>
  </div>
  <div
    className="feedback col-sm-3 col-5"
  >
    <div
      className="c0"
    >
      <span>
        <span
          className="tour-anchor"
          data-tour-anchor-id="assignment-progress-status"
        >
          2/3 answered
        </span>
      </span>
    </div>
    <div
      className="c1"
    >
      /
      3
       complete on due date
    </div>
  </div>
</a>
`;
