// Jest Snapshot v1, https://goo.gl/fbAQLP

exports[`Exercise Sectionizer Component renders and matches snapshot 1`] = `
<div
  className="sectionizer"
>
  <div
    className="prev"
    onClick={[Function]}
  >
    ❮❮
  </div>
  <div
    className="section"
    onClick={[Function]}
  />
  <div
    className="section"
    onClick={[Function]}
  />
  <div
    className="section"
    onClick={[Function]}
  />
  <div
    className="section"
    onClick={[Function]}
  />
  <div
    className="section"
    onClick={[Function]}
  />
  <div
    className="section ellipsis"
    onClick={[Function]}
  >
    …
  </div>
  <div
    className="section"
    onClick={[Function]}
  />
  <div
    className="next"
    onClick={[Function]}
  >
    ❯❯
  </div>
</div>
`;
